[0.161s] DEBUG:colcon:Command line arguments: ['/usr/bin/colcon', 'list']
[0.161s] DEBUG:colcon:Parsed command line arguments: Namespace(log_base=None, log_level=None, verb_name='list', build_base='build', ignore_user_meta=False, metas=['./colcon.meta'], base_paths=['.'], packages_ignore=None, packages_ignore_regex=None, paths=None, packages_up_to=None, packages_up_to_regex=None, packages_above=None, packages_above_and_dependencies=None, packages_above_depth=None, packages_select_by_dep=None, packages_skip_by_dep=None, packages_skip_up_to=None, packages_select_build_failed=False, packages_skip_build_finished=False, packages_select_test_failures=False, packages_skip_test_passed=False, packages_select=None, packages_skip=None, packages_select_regex=None, packages_skip_regex=None, packages_start=None, packages_end=None, allow_overriding=[], topological_order=False, names_only=False, paths_only=False, topological_graph=False, topological_graph_dot=False, topological_graph_density=False, topological_graph_legend=False, topological_graph_dot_cluster=False, topological_graph_dot_include_skipped=False, mixin_files=None, mixin=None, verb_parser=<colcon_mixin.mixin.mixin_argument.MixinArgumentDecorator object at 0x7d226fd3ce00>, verb_extension=<colcon_package_information.verb.list.ListVerb object at 0x7d226fd0bfe0>, main=<bound method ListVerb.main of <colcon_package_information.verb.list.ListVerb object at 0x7d226fd0bfe0>>, mixin_verb=('list',))
[0.226s] Level 1:colcon.colcon_core.package_discovery:discover_packages(colcon_meta) check parameters
[0.226s] Level 1:colcon.colcon_core.package_discovery:discover_packages(recursive) check parameters
[0.226s] Level 1:colcon.colcon_core.package_discovery:discover_packages(ignore) check parameters
[0.226s] Level 1:colcon.colcon_core.package_discovery:discover_packages(path) check parameters
[0.226s] Level 1:colcon.colcon_core.package_discovery:discover_packages(colcon_meta) discover
[0.226s] Level 1:colcon.colcon_core.package_discovery:discover_packages(recursive) discover
[0.226s] INFO:colcon.colcon_core.package_discovery:Crawling recursively for packages in '/home/oscar/repos_cloned/mobipick_labs_docker_gui/mobipick_gui/resources'
[0.226s] Level 1:colcon.colcon_core.package_identification:_identify(.) by extensions ['ignore', 'ignore_ament_install']
[0.226s] Level 1:colcon.colcon_core.package_identification:_identify(.) by extension 'ignore'
[0.226s] Level 1:colcon.colcon_core.package_identification:_identify(.) by extension 'ignore_ament_install'
[0.226s] Level 1:colcon.colcon_core.package_identification:_identify(.) by extensions ['colcon_pkg']
[0.226s] Level 1:colcon.colcon_core.package_identification:_identify(.) by extension 'colcon_pkg'
[0.226s] Level 1:colcon.colcon_core.package_identification:_identify(.) by extensions ['colcon_meta']
[0.226s] Level 1:colcon.colcon_core.package_identification:_identify(.) by extension 'colcon_meta'
[0.227s] Level 1:colcon.colcon_core.package_identification:_identify(.) by extensions ['ros']
[0.227s] Level 1:colcon.colcon_core.package_identification:_identify(.) by extension 'ros'
[0.253s] Level 1:colcon.colcon_core.package_identification:_identify(.) by extensions ['cmake', 'python']
[0.253s] Level 1:colcon.colcon_core.package_identification:_identify(.) by extension 'cmake'
[0.253s] Level 1:colcon.colcon_core.package_identification:_identify(.) by extension 'python'
[0.253s] Level 1:colcon.colcon_core.package_identification:_identify(.) by extensions ['python_setup_py']
[0.253s] Level 1:colcon.colcon_core.package_identification:_identify(.) by extension 'python_setup_py'
[0.253s] Level 1:colcon.colcon_core.package_identification:_identify(__pycache__) by extensions ['ignore', 'ignore_ament_install']
[0.253s] Level 1:colcon.colcon_core.package_identification:_identify(__pycache__) by extension 'ignore'
[0.253s] Level 1:colcon.colcon_core.package_identification:_identify(__pycache__) by extension 'ignore_ament_install'
[0.254s] Level 1:colcon.colcon_core.package_identification:_identify(__pycache__) by extensions ['colcon_pkg']
[0.254s] Level 1:colcon.colcon_core.package_identification:_identify(__pycache__) by extension 'colcon_pkg'
[0.254s] Level 1:colcon.colcon_core.package_identification:_identify(__pycache__) by extensions ['colcon_meta']
[0.254s] Level 1:colcon.colcon_core.package_identification:_identify(__pycache__) by extension 'colcon_meta'
[0.254s] Level 1:colcon.colcon_core.package_identification:_identify(__pycache__) by extensions ['ros']
[0.254s] Level 1:colcon.colcon_core.package_identification:_identify(__pycache__) by extension 'ros'
[0.254s] Level 1:colcon.colcon_core.package_identification:_identify(__pycache__) by extensions ['cmake', 'python']
[0.254s] Level 1:colcon.colcon_core.package_identification:_identify(__pycache__) by extension 'cmake'
[0.254s] Level 1:colcon.colcon_core.package_identification:_identify(__pycache__) by extension 'python'
[0.254s] Level 1:colcon.colcon_core.package_identification:_identify(__pycache__) by extensions ['python_setup_py']
[0.254s] Level 1:colcon.colcon_core.package_identification:_identify(__pycache__) by extension 'python_setup_py'
[0.254s] Level 1:colcon.colcon_core.package_identification:_identify(config) by extensions ['ignore', 'ignore_ament_install']
[0.254s] Level 1:colcon.colcon_core.package_identification:_identify(config) by extension 'ignore'
[0.254s] Level 1:colcon.colcon_core.package_identification:_identify(config) by extension 'ignore_ament_install'
[0.254s] Level 1:colcon.colcon_core.package_identification:_identify(config) by extensions ['colcon_pkg']
[0.254s] Level 1:colcon.colcon_core.package_identification:_identify(config) by extension 'colcon_pkg'
[0.254s] Level 1:colcon.colcon_core.package_identification:_identify(config) by extensions ['colcon_meta']
[0.254s] Level 1:colcon.colcon_core.package_identification:_identify(config) by extension 'colcon_meta'
[0.254s] Level 1:colcon.colcon_core.package_identification:_identify(config) by extensions ['ros']
[0.254s] Level 1:colcon.colcon_core.package_identification:_identify(config) by extension 'ros'
[0.255s] Level 1:colcon.colcon_core.package_identification:_identify(config) by extensions ['cmake', 'python']
[0.255s] Level 1:colcon.colcon_core.package_identification:_identify(config) by extension 'cmake'
[0.255s] Level 1:colcon.colcon_core.package_identification:_identify(config) by extension 'python'
[0.255s] Level 1:colcon.colcon_core.package_identification:_identify(config) by extensions ['python_setup_py']
[0.255s] Level 1:colcon.colcon_core.package_identification:_identify(config) by extension 'python_setup_py'
[0.255s] Level 1:colcon.colcon_core.package_identification:_identify(log) by extensions ['ignore', 'ignore_ament_install']
[0.255s] Level 1:colcon.colcon_core.package_identification:_identify(log) by extension 'ignore'
[0.255s] Level 1:colcon.colcon_core.package_identification:_identify(log) ignored
[0.255s] Level 1:colcon.colcon_core.package_identification:_identify(private) by extensions ['ignore', 'ignore_ament_install']
[0.255s] Level 1:colcon.colcon_core.package_identification:_identify(private) by extension 'ignore'
[0.255s] Level 1:colcon.colcon_core.package_identification:_identify(private) by extension 'ignore_ament_install'
[0.255s] Level 1:colcon.colcon_core.package_identification:_identify(private) by extensions ['colcon_pkg']
[0.255s] Level 1:colcon.colcon_core.package_identification:_identify(private) by extension 'colcon_pkg'
[0.255s] Level 1:colcon.colcon_core.package_identification:_identify(private) by extensions ['colcon_meta']
[0.255s] Level 1:colcon.colcon_core.package_identification:_identify(private) by extension 'colcon_meta'
[0.255s] Level 1:colcon.colcon_core.package_identification:_identify(private) by extensions ['ros']
[0.255s] Level 1:colcon.colcon_core.package_identification:_identify(private) by extension 'ros'
[0.256s] Level 1:colcon.colcon_core.package_identification:_identify(private) by extensions ['cmake', 'python']
[0.256s] Level 1:colcon.colcon_core.package_identification:_identify(private) by extension 'cmake'
[0.256s] Level 1:colcon.colcon_core.package_identification:_identify(private) by extension 'python'
[0.256s] Level 1:colcon.colcon_core.package_identification:_identify(private) by extensions ['python_setup_py']
[0.256s] Level 1:colcon.colcon_core.package_identification:_identify(private) by extension 'python_setup_py'
[0.256s] Level 1:colcon.colcon_core.package_identification:_identify(private/__pycache__) by extensions ['ignore', 'ignore_ament_install']
[0.256s] Level 1:colcon.colcon_core.package_identification:_identify(private/__pycache__) by extension 'ignore'
[0.256s] Level 1:colcon.colcon_core.package_identification:_identify(private/__pycache__) by extension 'ignore_ament_install'
[0.256s] Level 1:colcon.colcon_core.package_identification:_identify(private/__pycache__) by extensions ['colcon_pkg']
[0.256s] Level 1:colcon.colcon_core.package_identification:_identify(private/__pycache__) by extension 'colcon_pkg'
[0.256s] Level 1:colcon.colcon_core.package_identification:_identify(private/__pycache__) by extensions ['colcon_meta']
[0.256s] Level 1:colcon.colcon_core.package_identification:_identify(private/__pycache__) by extension 'colcon_meta'
[0.256s] Level 1:colcon.colcon_core.package_identification:_identify(private/__pycache__) by extensions ['ros']
[0.256s] Level 1:colcon.colcon_core.package_identification:_identify(private/__pycache__) by extension 'ros'
[0.256s] Level 1:colcon.colcon_core.package_identification:_identify(private/__pycache__) by extensions ['cmake', 'python']
[0.256s] Level 1:colcon.colcon_core.package_identification:_identify(private/__pycache__) by extension 'cmake'
[0.256s] Level 1:colcon.colcon_core.package_identification:_identify(private/__pycache__) by extension 'python'
[0.256s] Level 1:colcon.colcon_core.package_identification:_identify(private/__pycache__) by extensions ['python_setup_py']
[0.256s] Level 1:colcon.colcon_core.package_identification:_identify(private/__pycache__) by extension 'python_setup_py'
[0.256s] Level 1:colcon.colcon_core.package_identification:_identify(private/button_configs) by extensions ['ignore', 'ignore_ament_install']
[0.257s] Level 1:colcon.colcon_core.package_identification:_identify(private/button_configs) by extension 'ignore'
[0.257s] Level 1:colcon.colcon_core.package_identification:_identify(private/button_configs) by extension 'ignore_ament_install'
[0.257s] Level 1:colcon.colcon_core.package_identification:_identify(private/button_configs) by extensions ['colcon_pkg']
[0.257s] Level 1:colcon.colcon_core.package_identification:_identify(private/button_configs) by extension 'colcon_pkg'
[0.257s] Level 1:colcon.colcon_core.package_identification:_identify(private/button_configs) by extensions ['colcon_meta']
[0.257s] Level 1:colcon.colcon_core.package_identification:_identify(private/button_configs) by extension 'colcon_meta'
[0.257s] Level 1:colcon.colcon_core.package_identification:_identify(private/button_configs) by extensions ['ros']
[0.257s] Level 1:colcon.colcon_core.package_identification:_identify(private/button_configs) by extension 'ros'
[0.257s] Level 1:colcon.colcon_core.package_identification:_identify(private/button_configs) by extensions ['cmake', 'python']
[0.257s] Level 1:colcon.colcon_core.package_identification:_identify(private/button_configs) by extension 'cmake'
[0.257s] Level 1:colcon.colcon_core.package_identification:_identify(private/button_configs) by extension 'python'
[0.257s] Level 1:colcon.colcon_core.package_identification:_identify(private/button_configs) by extensions ['python_setup_py']
[0.257s] Level 1:colcon.colcon_core.package_identification:_identify(private/button_configs) by extension 'python_setup_py'
[0.257s] Level 1:colcon.colcon_core.package_identification:_identify(private/experiments) by extensions ['ignore', 'ignore_ament_install']
[0.257s] Level 1:colcon.colcon_core.package_identification:_identify(private/experiments) by extension 'ignore'
[0.257s] Level 1:colcon.colcon_core.package_identification:_identify(private/experiments) by extension 'ignore_ament_install'
[0.257s] Level 1:colcon.colcon_core.package_identification:_identify(private/experiments) by extensions ['colcon_pkg']
[0.257s] Level 1:colcon.colcon_core.package_identification:_identify(private/experiments) by extension 'colcon_pkg'
[0.258s] Level 1:colcon.colcon_core.package_identification:_identify(private/experiments) by extensions ['colcon_meta']
[0.258s] Level 1:colcon.colcon_core.package_identification:_identify(private/experiments) by extension 'colcon_meta'
[0.258s] Level 1:colcon.colcon_core.package_identification:_identify(private/experiments) by extensions ['ros']
[0.258s] Level 1:colcon.colcon_core.package_identification:_identify(private/experiments) by extension 'ros'
[0.258s] Level 1:colcon.colcon_core.package_identification:_identify(private/experiments) by extensions ['cmake', 'python']
[0.258s] Level 1:colcon.colcon_core.package_identification:_identify(private/experiments) by extension 'cmake'
[0.258s] Level 1:colcon.colcon_core.package_identification:_identify(private/experiments) by extension 'python'
[0.258s] Level 1:colcon.colcon_core.package_identification:_identify(private/experiments) by extensions ['python_setup_py']
[0.258s] Level 1:colcon.colcon_core.package_identification:_identify(private/experiments) by extension 'python_setup_py'
[0.258s] Level 1:colcon.colcon_core.package_identification:_identify(private/jinja_templates) by extensions ['ignore', 'ignore_ament_install']
[0.258s] Level 1:colcon.colcon_core.package_identification:_identify(private/jinja_templates) by extension 'ignore'
[0.258s] Level 1:colcon.colcon_core.package_identification:_identify(private/jinja_templates) by extension 'ignore_ament_install'
[0.258s] Level 1:colcon.colcon_core.package_identification:_identify(private/jinja_templates) by extensions ['colcon_pkg']
[0.258s] Level 1:colcon.colcon_core.package_identification:_identify(private/jinja_templates) by extension 'colcon_pkg'
[0.258s] Level 1:colcon.colcon_core.package_identification:_identify(private/jinja_templates) by extensions ['colcon_meta']
[0.258s] Level 1:colcon.colcon_core.package_identification:_identify(private/jinja_templates) by extension 'colcon_meta'
[0.258s] Level 1:colcon.colcon_core.package_identification:_identify(private/jinja_templates) by extensions ['ros']
[0.258s] Level 1:colcon.colcon_core.package_identification:_identify(private/jinja_templates) by extension 'ros'
[0.258s] Level 1:colcon.colcon_core.package_identification:_identify(private/jinja_templates) by extensions ['cmake', 'python']
[0.258s] Level 1:colcon.colcon_core.package_identification:_identify(private/jinja_templates) by extension 'cmake'
[0.259s] Level 1:colcon.colcon_core.package_identification:_identify(private/jinja_templates) by extension 'python'
[0.259s] Level 1:colcon.colcon_core.package_identification:_identify(private/jinja_templates) by extensions ['python_setup_py']
[0.259s] Level 1:colcon.colcon_core.package_identification:_identify(private/jinja_templates) by extension 'python_setup_py'
[0.259s] Level 1:colcon.colcon_core.package_identification:_identify(private/recordings) by extensions ['ignore', 'ignore_ament_install']
[0.259s] Level 1:colcon.colcon_core.package_identification:_identify(private/recordings) by extension 'ignore'
[0.259s] Level 1:colcon.colcon_core.package_identification:_identify(private/recordings) by extension 'ignore_ament_install'
[0.259s] Level 1:colcon.colcon_core.package_identification:_identify(private/recordings) by extensions ['colcon_pkg']
[0.259s] Level 1:colcon.colcon_core.package_identification:_identify(private/recordings) by extension 'colcon_pkg'
[0.259s] Level 1:colcon.colcon_core.package_identification:_identify(private/recordings) by extensions ['colcon_meta']
[0.259s] Level 1:colcon.colcon_core.package_identification:_identify(private/recordings) by extension 'colcon_meta'
[0.259s] Level 1:colcon.colcon_core.package_identification:_identify(private/recordings) by extensions ['ros']
[0.259s] Level 1:colcon.colcon_core.package_identification:_identify(private/recordings) by extension 'ros'
[0.259s] Level 1:colcon.colcon_core.package_identification:_identify(private/recordings) by extensions ['cmake', 'python']
[0.259s] Level 1:colcon.colcon_core.package_identification:_identify(private/recordings) by extension 'cmake'
[0.259s] Level 1:colcon.colcon_core.package_identification:_identify(private/recordings) by extension 'python'
[0.259s] Level 1:colcon.colcon_core.package_identification:_identify(private/recordings) by extensions ['python_setup_py']
[0.259s] Level 1:colcon.colcon_core.package_identification:_identify(private/recordings) by extension 'python_setup_py'
[0.259s] Level 1:colcon.colcon_core.package_identification:_identify(private/recordings/1_gpt_ws_03_12_073541) by extensions ['ignore', 'ignore_ament_install']
[0.260s] Level 1:colcon.colcon_core.package_identification:_identify(private/recordings/1_gpt_ws_03_12_073541) by extension 'ignore'
[0.260s] Level 1:colcon.colcon_core.package_identification:_identify(private/recordings/1_gpt_ws_03_12_073541) by extension 'ignore_ament_install'
[0.260s] Level 1:colcon.colcon_core.package_identification:_identify(private/recordings/1_gpt_ws_03_12_073541) by extensions ['colcon_pkg']
[0.260s] Level 1:colcon.colcon_core.package_identification:_identify(private/recordings/1_gpt_ws_03_12_073541) by extension 'colcon_pkg'
[0.260s] Level 1:colcon.colcon_core.package_identification:_identify(private/recordings/1_gpt_ws_03_12_073541) by extensions ['colcon_meta']
[0.260s] Level 1:colcon.colcon_core.package_identification:_identify(private/recordings/1_gpt_ws_03_12_073541) by extension 'colcon_meta'
[0.260s] Level 1:colcon.colcon_core.package_identification:_identify(private/recordings/1_gpt_ws_03_12_073541) by extensions ['ros']
[0.260s] Level 1:colcon.colcon_core.package_identification:_identify(private/recordings/1_gpt_ws_03_12_073541) by extension 'ros'
[0.260s] Level 1:colcon.colcon_core.package_identification:_identify(private/recordings/1_gpt_ws_03_12_073541) by extensions ['cmake', 'python']
[0.260s] Level 1:colcon.colcon_core.package_identification:_identify(private/recordings/1_gpt_ws_03_12_073541) by extension 'cmake'
[0.260s] Level 1:colcon.colcon_core.package_identification:_identify(private/recordings/1_gpt_ws_03_12_073541) by extension 'python'
[0.260s] Level 1:colcon.colcon_core.package_identification:_identify(private/recordings/1_gpt_ws_03_12_073541) by extensions ['python_setup_py']
[0.260s] Level 1:colcon.colcon_core.package_identification:_identify(private/recordings/1_gpt_ws_03_12_073541) by extension 'python_setup_py'
[0.260s] Level 1:colcon.colcon_core.package_identification:_identify(private/recordings/1_gpt_ws_03_12_073541/logs) by extensions ['ignore', 'ignore_ament_install']
[0.260s] Level 1:colcon.colcon_core.package_identification:_identify(private/recordings/1_gpt_ws_03_12_073541/logs) by extension 'ignore'
[0.260s] Level 1:colcon.colcon_core.package_identification:_identify(private/recordings/1_gpt_ws_03_12_073541/logs) by extension 'ignore_ament_install'
[0.260s] Level 1:colcon.colcon_core.package_identification:_identify(private/recordings/1_gpt_ws_03_12_073541/logs) by extensions ['colcon_pkg']
[0.260s] Level 1:colcon.colcon_core.package_identification:_identify(private/recordings/1_gpt_ws_03_12_073541/logs) by extension 'colcon_pkg'
[0.261s] Level 1:colcon.colcon_core.package_identification:_identify(private/recordings/1_gpt_ws_03_12_073541/logs) by extensions ['colcon_meta']
[0.261s] Level 1:colcon.colcon_core.package_identification:_identify(private/recordings/1_gpt_ws_03_12_073541/logs) by extension 'colcon_meta'
[0.261s] Level 1:colcon.colcon_core.package_identification:_identify(private/recordings/1_gpt_ws_03_12_073541/logs) by extensions ['ros']
[0.261s] Level 1:colcon.colcon_core.package_identification:_identify(private/recordings/1_gpt_ws_03_12_073541/logs) by extension 'ros'
[0.261s] Level 1:colcon.colcon_core.package_identification:_identify(private/recordings/1_gpt_ws_03_12_073541/logs) by extensions ['cmake', 'python']
[0.261s] Level 1:colcon.colcon_core.package_identification:_identify(private/recordings/1_gpt_ws_03_12_073541/logs) by extension 'cmake'
[0.261s] Level 1:colcon.colcon_core.package_identification:_identify(private/recordings/1_gpt_ws_03_12_073541/logs) by extension 'python'
[0.261s] Level 1:colcon.colcon_core.package_identification:_identify(private/recordings/1_gpt_ws_03_12_073541/logs) by extensions ['python_setup_py']
[0.261s] Level 1:colcon.colcon_core.package_identification:_identify(private/recordings/1_gpt_ws_03_12_073541/logs) by extension 'python_setup_py'
[0.261s] Level 1:colcon.colcon_core.package_identification:_identify(private/recordings/2_gpt_ws_04_12_015339) by extensions ['ignore', 'ignore_ament_install']
[0.261s] Level 1:colcon.colcon_core.package_identification:_identify(private/recordings/2_gpt_ws_04_12_015339) by extension 'ignore'
[0.261s] Level 1:colcon.colcon_core.package_identification:_identify(private/recordings/2_gpt_ws_04_12_015339) by extension 'ignore_ament_install'
[0.261s] Level 1:colcon.colcon_core.package_identification:_identify(private/recordings/2_gpt_ws_04_12_015339) by extensions ['colcon_pkg']
[0.261s] Level 1:colcon.colcon_core.package_identification:_identify(private/recordings/2_gpt_ws_04_12_015339) by extension 'colcon_pkg'
[0.261s] Level 1:colcon.colcon_core.package_identification:_identify(private/recordings/2_gpt_ws_04_12_015339) by extensions ['colcon_meta']
[0.261s] Level 1:colcon.colcon_core.package_identification:_identify(private/recordings/2_gpt_ws_04_12_015339) by extension 'colcon_meta'
[0.261s] Level 1:colcon.colcon_core.package_identification:_identify(private/recordings/2_gpt_ws_04_12_015339) by extensions ['ros']
[0.261s] Level 1:colcon.colcon_core.package_identification:_identify(private/recordings/2_gpt_ws_04_12_015339) by extension 'ros'
[0.262s] Level 1:colcon.colcon_core.package_identification:_identify(private/recordings/2_gpt_ws_04_12_015339) by extensions ['cmake', 'python']
[0.262s] Level 1:colcon.colcon_core.package_identification:_identify(private/recordings/2_gpt_ws_04_12_015339) by extension 'cmake'
[0.262s] Level 1:colcon.colcon_core.package_identification:_identify(private/recordings/2_gpt_ws_04_12_015339) by extension 'python'
[0.262s] Level 1:colcon.colcon_core.package_identification:_identify(private/recordings/2_gpt_ws_04_12_015339) by extensions ['python_setup_py']
[0.262s] Level 1:colcon.colcon_core.package_identification:_identify(private/recordings/2_gpt_ws_04_12_015339) by extension 'python_setup_py'
[0.262s] Level 1:colcon.colcon_core.package_identification:_identify(private/recordings/2_gpt_ws_04_12_015339/logs) by extensions ['ignore', 'ignore_ament_install']
[0.262s] Level 1:colcon.colcon_core.package_identification:_identify(private/recordings/2_gpt_ws_04_12_015339/logs) by extension 'ignore'
[0.262s] Level 1:colcon.colcon_core.package_identification:_identify(private/recordings/2_gpt_ws_04_12_015339/logs) by extension 'ignore_ament_install'
[0.262s] Level 1:colcon.colcon_core.package_identification:_identify(private/recordings/2_gpt_ws_04_12_015339/logs) by extensions ['colcon_pkg']
[0.262s] Level 1:colcon.colcon_core.package_identification:_identify(private/recordings/2_gpt_ws_04_12_015339/logs) by extension 'colcon_pkg'
[0.262s] Level 1:colcon.colcon_core.package_identification:_identify(private/recordings/2_gpt_ws_04_12_015339/logs) by extensions ['colcon_meta']
[0.262s] Level 1:colcon.colcon_core.package_identification:_identify(private/recordings/2_gpt_ws_04_12_015339/logs) by extension 'colcon_meta'
[0.262s] Level 1:colcon.colcon_core.package_identification:_identify(private/recordings/2_gpt_ws_04_12_015339/logs) by extensions ['ros']
[0.262s] Level 1:colcon.colcon_core.package_identification:_identify(private/recordings/2_gpt_ws_04_12_015339/logs) by extension 'ros'
[0.262s] Level 1:colcon.colcon_core.package_identification:_identify(private/recordings/2_gpt_ws_04_12_015339/logs) by extensions ['cmake', 'python']
[0.262s] Level 1:colcon.colcon_core.package_identification:_identify(private/recordings/2_gpt_ws_04_12_015339/logs) by extension 'cmake'
[0.262s] Level 1:colcon.colcon_core.package_identification:_identify(private/recordings/2_gpt_ws_04_12_015339/logs) by extension 'python'
[0.262s] Level 1:colcon.colcon_core.package_identification:_identify(private/recordings/2_gpt_ws_04_12_015339/logs) by extensions ['python_setup_py']
[0.262s] Level 1:colcon.colcon_core.package_identification:_identify(private/recordings/2_gpt_ws_04_12_015339/logs) by extension 'python_setup_py'
[0.263s] Level 1:colcon.colcon_core.package_identification:_identify(private/recordings/3_gpt_ws_04_12_020530) by extensions ['ignore', 'ignore_ament_install']
[0.263s] Level 1:colcon.colcon_core.package_identification:_identify(private/recordings/3_gpt_ws_04_12_020530) by extension 'ignore'
[0.263s] Level 1:colcon.colcon_core.package_identification:_identify(private/recordings/3_gpt_ws_04_12_020530) by extension 'ignore_ament_install'
[0.263s] Level 1:colcon.colcon_core.package_identification:_identify(private/recordings/3_gpt_ws_04_12_020530) by extensions ['colcon_pkg']
[0.263s] Level 1:colcon.colcon_core.package_identification:_identify(private/recordings/3_gpt_ws_04_12_020530) by extension 'colcon_pkg'
[0.263s] Level 1:colcon.colcon_core.package_identification:_identify(private/recordings/3_gpt_ws_04_12_020530) by extensions ['colcon_meta']
[0.263s] Level 1:colcon.colcon_core.package_identification:_identify(private/recordings/3_gpt_ws_04_12_020530) by extension 'colcon_meta'
[0.263s] Level 1:colcon.colcon_core.package_identification:_identify(private/recordings/3_gpt_ws_04_12_020530) by extensions ['ros']
[0.263s] Level 1:colcon.colcon_core.package_identification:_identify(private/recordings/3_gpt_ws_04_12_020530) by extension 'ros'
[0.263s] Level 1:colcon.colcon_core.package_identification:_identify(private/recordings/3_gpt_ws_04_12_020530) by extensions ['cmake', 'python']
[0.263s] Level 1:colcon.colcon_core.package_identification:_identify(private/recordings/3_gpt_ws_04_12_020530) by extension 'cmake'
[0.263s] Level 1:colcon.colcon_core.package_identification:_identify(private/recordings/3_gpt_ws_04_12_020530) by extension 'python'
[0.263s] Level 1:colcon.colcon_core.package_identification:_identify(private/recordings/3_gpt_ws_04_12_020530) by extensions ['python_setup_py']
[0.263s] Level 1:colcon.colcon_core.package_identification:_identify(private/recordings/3_gpt_ws_04_12_020530) by extension 'python_setup_py'
[0.263s] Level 1:colcon.colcon_core.package_identification:_identify(private/recordings/3_gpt_ws_04_12_020530/logs) by extensions ['ignore', 'ignore_ament_install']
[0.263s] Level 1:colcon.colcon_core.package_identification:_identify(private/recordings/3_gpt_ws_04_12_020530/logs) by extension 'ignore'
[0.263s] Level 1:colcon.colcon_core.package_identification:_identify(private/recordings/3_gpt_ws_04_12_020530/logs) by extension 'ignore_ament_install'
[0.264s] Level 1:colcon.colcon_core.package_identification:_identify(private/recordings/3_gpt_ws_04_12_020530/logs) by extensions ['colcon_pkg']
[0.264s] Level 1:colcon.colcon_core.package_identification:_identify(private/recordings/3_gpt_ws_04_12_020530/logs) by extension 'colcon_pkg'
[0.264s] Level 1:colcon.colcon_core.package_identification:_identify(private/recordings/3_gpt_ws_04_12_020530/logs) by extensions ['colcon_meta']
[0.264s] Level 1:colcon.colcon_core.package_identification:_identify(private/recordings/3_gpt_ws_04_12_020530/logs) by extension 'colcon_meta'
[0.264s] Level 1:colcon.colcon_core.package_identification:_identify(private/recordings/3_gpt_ws_04_12_020530/logs) by extensions ['ros']
[0.264s] Level 1:colcon.colcon_core.package_identification:_identify(private/recordings/3_gpt_ws_04_12_020530/logs) by extension 'ros'
[0.264s] Level 1:colcon.colcon_core.package_identification:_identify(private/recordings/3_gpt_ws_04_12_020530/logs) by extensions ['cmake', 'python']
[0.264s] Level 1:colcon.colcon_core.package_identification:_identify(private/recordings/3_gpt_ws_04_12_020530/logs) by extension 'cmake'
[0.264s] Level 1:colcon.colcon_core.package_identification:_identify(private/recordings/3_gpt_ws_04_12_020530/logs) by extension 'python'
[0.264s] Level 1:colcon.colcon_core.package_identification:_identify(private/recordings/3_gpt_ws_04_12_020530/logs) by extensions ['python_setup_py']
[0.264s] Level 1:colcon.colcon_core.package_identification:_identify(private/recordings/3_gpt_ws_04_12_020530/logs) by extension 'python_setup_py'
[0.264s] Level 1:colcon.colcon_core.package_identification:_identify(private/recordings/4_gpt_ws_04_12_020916) by extensions ['ignore', 'ignore_ament_install']
[0.264s] Level 1:colcon.colcon_core.package_identification:_identify(private/recordings/4_gpt_ws_04_12_020916) by extension 'ignore'
[0.264s] Level 1:colcon.colcon_core.package_identification:_identify(private/recordings/4_gpt_ws_04_12_020916) by extension 'ignore_ament_install'
[0.264s] Level 1:colcon.colcon_core.package_identification:_identify(private/recordings/4_gpt_ws_04_12_020916) by extensions ['colcon_pkg']
[0.264s] Level 1:colcon.colcon_core.package_identification:_identify(private/recordings/4_gpt_ws_04_12_020916) by extension 'colcon_pkg'
[0.264s] Level 1:colcon.colcon_core.package_identification:_identify(private/recordings/4_gpt_ws_04_12_020916) by extensions ['colcon_meta']
[0.264s] Level 1:colcon.colcon_core.package_identification:_identify(private/recordings/4_gpt_ws_04_12_020916) by extension 'colcon_meta'
[0.264s] Level 1:colcon.colcon_core.package_identification:_identify(private/recordings/4_gpt_ws_04_12_020916) by extensions ['ros']
[0.264s] Level 1:colcon.colcon_core.package_identification:_identify(private/recordings/4_gpt_ws_04_12_020916) by extension 'ros'
[0.265s] Level 1:colcon.colcon_core.package_identification:_identify(private/recordings/4_gpt_ws_04_12_020916) by extensions ['cmake', 'python']
[0.265s] Level 1:colcon.colcon_core.package_identification:_identify(private/recordings/4_gpt_ws_04_12_020916) by extension 'cmake'
[0.265s] Level 1:colcon.colcon_core.package_identification:_identify(private/recordings/4_gpt_ws_04_12_020916) by extension 'python'
[0.265s] Level 1:colcon.colcon_core.package_identification:_identify(private/recordings/4_gpt_ws_04_12_020916) by extensions ['python_setup_py']
[0.265s] Level 1:colcon.colcon_core.package_identification:_identify(private/recordings/4_gpt_ws_04_12_020916) by extension 'python_setup_py'
[0.265s] Level 1:colcon.colcon_core.package_identification:_identify(private/recordings/4_gpt_ws_04_12_020916/logs) by extensions ['ignore', 'ignore_ament_install']
[0.265s] Level 1:colcon.colcon_core.package_identification:_identify(private/recordings/4_gpt_ws_04_12_020916/logs) by extension 'ignore'
[0.265s] Level 1:colcon.colcon_core.package_identification:_identify(private/recordings/4_gpt_ws_04_12_020916/logs) by extension 'ignore_ament_install'
[0.265s] Level 1:colcon.colcon_core.package_identification:_identify(private/recordings/4_gpt_ws_04_12_020916/logs) by extensions ['colcon_pkg']
[0.265s] Level 1:colcon.colcon_core.package_identification:_identify(private/recordings/4_gpt_ws_04_12_020916/logs) by extension 'colcon_pkg'
[0.265s] Level 1:colcon.colcon_core.package_identification:_identify(private/recordings/4_gpt_ws_04_12_020916/logs) by extensions ['colcon_meta']
[0.265s] Level 1:colcon.colcon_core.package_identification:_identify(private/recordings/4_gpt_ws_04_12_020916/logs) by extension 'colcon_meta'
[0.265s] Level 1:colcon.colcon_core.package_identification:_identify(private/recordings/4_gpt_ws_04_12_020916/logs) by extensions ['ros']
[0.265s] Level 1:colcon.colcon_core.package_identification:_identify(private/recordings/4_gpt_ws_04_12_020916/logs) by extension 'ros'
[0.265s] Level 1:colcon.colcon_core.package_identification:_identify(private/recordings/4_gpt_ws_04_12_020916/logs) by extensions ['cmake', 'python']
[0.265s] Level 1:colcon.colcon_core.package_identification:_identify(private/recordings/4_gpt_ws_04_12_020916/logs) by extension 'cmake'
[0.265s] Level 1:colcon.colcon_core.package_identification:_identify(private/recordings/4_gpt_ws_04_12_020916/logs) by extension 'python'
[0.265s] Level 1:colcon.colcon_core.package_identification:_identify(private/recordings/4_gpt_ws_04_12_020916/logs) by extensions ['python_setup_py']
[0.265s] Level 1:colcon.colcon_core.package_identification:_identify(private/recordings/4_gpt_ws_04_12_020916/logs) by extension 'python_setup_py'
[0.266s] Level 1:colcon.colcon_core.package_identification:_identify(private/recordings/5_gpt_ws_04_12_022627) by extensions ['ignore', 'ignore_ament_install']
[0.266s] Level 1:colcon.colcon_core.package_identification:_identify(private/recordings/5_gpt_ws_04_12_022627) by extension 'ignore'
[0.266s] Level 1:colcon.colcon_core.package_identification:_identify(private/recordings/5_gpt_ws_04_12_022627) by extension 'ignore_ament_install'
[0.266s] Level 1:colcon.colcon_core.package_identification:_identify(private/recordings/5_gpt_ws_04_12_022627) by extensions ['colcon_pkg']
[0.266s] Level 1:colcon.colcon_core.package_identification:_identify(private/recordings/5_gpt_ws_04_12_022627) by extension 'colcon_pkg'
[0.266s] Level 1:colcon.colcon_core.package_identification:_identify(private/recordings/5_gpt_ws_04_12_022627) by extensions ['colcon_meta']
[0.266s] Level 1:colcon.colcon_core.package_identification:_identify(private/recordings/5_gpt_ws_04_12_022627) by extension 'colcon_meta'
[0.266s] Level 1:colcon.colcon_core.package_identification:_identify(private/recordings/5_gpt_ws_04_12_022627) by extensions ['ros']
[0.266s] Level 1:colcon.colcon_core.package_identification:_identify(private/recordings/5_gpt_ws_04_12_022627) by extension 'ros'
[0.266s] Level 1:colcon.colcon_core.package_identification:_identify(private/recordings/5_gpt_ws_04_12_022627) by extensions ['cmake', 'python']
[0.266s] Level 1:colcon.colcon_core.package_identification:_identify(private/recordings/5_gpt_ws_04_12_022627) by extension 'cmake'
[0.266s] Level 1:colcon.colcon_core.package_identification:_identify(private/recordings/5_gpt_ws_04_12_022627) by extension 'python'
[0.266s] Level 1:colcon.colcon_core.package_identification:_identify(private/recordings/5_gpt_ws_04_12_022627) by extensions ['python_setup_py']
[0.266s] Level 1:colcon.colcon_core.package_identification:_identify(private/recordings/5_gpt_ws_04_12_022627) by extension 'python_setup_py'
[0.266s] Level 1:colcon.colcon_core.package_identification:_identify(private/recordings/5_gpt_ws_04_12_022627/logs) by extensions ['ignore', 'ignore_ament_install']
[0.266s] Level 1:colcon.colcon_core.package_identification:_identify(private/recordings/5_gpt_ws_04_12_022627/logs) by extension 'ignore'
[0.266s] Level 1:colcon.colcon_core.package_identification:_identify(private/recordings/5_gpt_ws_04_12_022627/logs) by extension 'ignore_ament_install'
[0.267s] Level 1:colcon.colcon_core.package_identification:_identify(private/recordings/5_gpt_ws_04_12_022627/logs) by extensions ['colcon_pkg']
[0.267s] Level 1:colcon.colcon_core.package_identification:_identify(private/recordings/5_gpt_ws_04_12_022627/logs) by extension 'colcon_pkg'
[0.267s] Level 1:colcon.colcon_core.package_identification:_identify(private/recordings/5_gpt_ws_04_12_022627/logs) by extensions ['colcon_meta']
[0.267s] Level 1:colcon.colcon_core.package_identification:_identify(private/recordings/5_gpt_ws_04_12_022627/logs) by extension 'colcon_meta'
[0.267s] Level 1:colcon.colcon_core.package_identification:_identify(private/recordings/5_gpt_ws_04_12_022627/logs) by extensions ['ros']
[0.267s] Level 1:colcon.colcon_core.package_identification:_identify(private/recordings/5_gpt_ws_04_12_022627/logs) by extension 'ros'
[0.267s] Level 1:colcon.colcon_core.package_identification:_identify(private/recordings/5_gpt_ws_04_12_022627/logs) by extensions ['cmake', 'python']
[0.267s] Level 1:colcon.colcon_core.package_identification:_identify(private/recordings/5_gpt_ws_04_12_022627/logs) by extension 'cmake'
[0.267s] Level 1:colcon.colcon_core.package_identification:_identify(private/recordings/5_gpt_ws_04_12_022627/logs) by extension 'python'
[0.267s] Level 1:colcon.colcon_core.package_identification:_identify(private/recordings/5_gpt_ws_04_12_022627/logs) by extensions ['python_setup_py']
[0.267s] Level 1:colcon.colcon_core.package_identification:_identify(private/recordings/5_gpt_ws_04_12_022627/logs) by extension 'python_setup_py'
[0.267s] Level 1:colcon.colcon_core.package_identification:_identify(private/recordings/6_gpt_ws_20_01_103004) by extensions ['ignore', 'ignore_ament_install']
[0.267s] Level 1:colcon.colcon_core.package_identification:_identify(private/recordings/6_gpt_ws_20_01_103004) by extension 'ignore'
[0.267s] Level 1:colcon.colcon_core.package_identification:_identify(private/recordings/6_gpt_ws_20_01_103004) by extension 'ignore_ament_install'
[0.267s] Level 1:colcon.colcon_core.package_identification:_identify(private/recordings/6_gpt_ws_20_01_103004) by extensions ['colcon_pkg']
[0.267s] Level 1:colcon.colcon_core.package_identification:_identify(private/recordings/6_gpt_ws_20_01_103004) by extension 'colcon_pkg'
[0.267s] Level 1:colcon.colcon_core.package_identification:_identify(private/recordings/6_gpt_ws_20_01_103004) by extensions ['colcon_meta']
[0.267s] Level 1:colcon.colcon_core.package_identification:_identify(private/recordings/6_gpt_ws_20_01_103004) by extension 'colcon_meta'
[0.267s] Level 1:colcon.colcon_core.package_identification:_identify(private/recordings/6_gpt_ws_20_01_103004) by extensions ['ros']
[0.268s] Level 1:colcon.colcon_core.package_identification:_identify(private/recordings/6_gpt_ws_20_01_103004) by extension 'ros'
[0.268s] Level 1:colcon.colcon_core.package_identification:_identify(private/recordings/6_gpt_ws_20_01_103004) by extensions ['cmake', 'python']
[0.268s] Level 1:colcon.colcon_core.package_identification:_identify(private/recordings/6_gpt_ws_20_01_103004) by extension 'cmake'
[0.268s] Level 1:colcon.colcon_core.package_identification:_identify(private/recordings/6_gpt_ws_20_01_103004) by extension 'python'
[0.268s] Level 1:colcon.colcon_core.package_identification:_identify(private/recordings/6_gpt_ws_20_01_103004) by extensions ['python_setup_py']
[0.268s] Level 1:colcon.colcon_core.package_identification:_identify(private/recordings/6_gpt_ws_20_01_103004) by extension 'python_setup_py'
[0.268s] Level 1:colcon.colcon_core.package_identification:_identify(private/recordings/6_gpt_ws_20_01_103004/logs) by extensions ['ignore', 'ignore_ament_install']
[0.268s] Level 1:colcon.colcon_core.package_identification:_identify(private/recordings/6_gpt_ws_20_01_103004/logs) by extension 'ignore'
[0.268s] Level 1:colcon.colcon_core.package_identification:_identify(private/recordings/6_gpt_ws_20_01_103004/logs) by extension 'ignore_ament_install'
[0.268s] Level 1:colcon.colcon_core.package_identification:_identify(private/recordings/6_gpt_ws_20_01_103004/logs) by extensions ['colcon_pkg']
[0.268s] Level 1:colcon.colcon_core.package_identification:_identify(private/recordings/6_gpt_ws_20_01_103004/logs) by extension 'colcon_pkg'
[0.268s] Level 1:colcon.colcon_core.package_identification:_identify(private/recordings/6_gpt_ws_20_01_103004/logs) by extensions ['colcon_meta']
[0.268s] Level 1:colcon.colcon_core.package_identification:_identify(private/recordings/6_gpt_ws_20_01_103004/logs) by extension 'colcon_meta'
[0.268s] Level 1:colcon.colcon_core.package_identification:_identify(private/recordings/6_gpt_ws_20_01_103004/logs) by extensions ['ros']
[0.268s] Level 1:colcon.colcon_core.package_identification:_identify(private/recordings/6_gpt_ws_20_01_103004/logs) by extension 'ros'
[0.268s] Level 1:colcon.colcon_core.package_identification:_identify(private/recordings/6_gpt_ws_20_01_103004/logs) by extensions ['cmake', 'python']
[0.268s] Level 1:colcon.colcon_core.package_identification:_identify(private/recordings/6_gpt_ws_20_01_103004/logs) by extension 'cmake'
[0.268s] Level 1:colcon.colcon_core.package_identification:_identify(private/recordings/6_gpt_ws_20_01_103004/logs) by extension 'python'
[0.268s] Level 1:colcon.colcon_core.package_identification:_identify(private/recordings/6_gpt_ws_20_01_103004/logs) by extensions ['python_setup_py']
[0.269s] Level 1:colcon.colcon_core.package_identification:_identify(private/recordings/6_gpt_ws_20_01_103004/logs) by extension 'python_setup_py'
[0.269s] Level 1:colcon.colcon_core.package_identification:_identify(private/recordings/gpt_debug_log_file) by extensions ['ignore', 'ignore_ament_install']
[0.269s] Level 1:colcon.colcon_core.package_identification:_identify(private/recordings/gpt_debug_log_file) by extension 'ignore'
[0.269s] Level 1:colcon.colcon_core.package_identification:_identify(private/recordings/gpt_debug_log_file) by extension 'ignore_ament_install'
[0.269s] Level 1:colcon.colcon_core.package_identification:_identify(private/recordings/gpt_debug_log_file) by extensions ['colcon_pkg']
[0.269s] Level 1:colcon.colcon_core.package_identification:_identify(private/recordings/gpt_debug_log_file) by extension 'colcon_pkg'
[0.269s] Level 1:colcon.colcon_core.package_identification:_identify(private/recordings/gpt_debug_log_file) by extensions ['colcon_meta']
[0.269s] Level 1:colcon.colcon_core.package_identification:_identify(private/recordings/gpt_debug_log_file) by extension 'colcon_meta'
[0.269s] Level 1:colcon.colcon_core.package_identification:_identify(private/recordings/gpt_debug_log_file) by extensions ['ros']
[0.269s] Level 1:colcon.colcon_core.package_identification:_identify(private/recordings/gpt_debug_log_file) by extension 'ros'
[0.269s] Level 1:colcon.colcon_core.package_identification:_identify(private/recordings/gpt_debug_log_file) by extensions ['cmake', 'python']
[0.269s] Level 1:colcon.colcon_core.package_identification:_identify(private/recordings/gpt_debug_log_file) by extension 'cmake'
[0.269s] Level 1:colcon.colcon_core.package_identification:_identify(private/recordings/gpt_debug_log_file) by extension 'python'
[0.269s] Level 1:colcon.colcon_core.package_identification:_identify(private/recordings/gpt_debug_log_file) by extensions ['python_setup_py']
[0.269s] Level 1:colcon.colcon_core.package_identification:_identify(private/recordings/gpt_debug_log_file) by extension 'python_setup_py'
[0.269s] Level 1:colcon.colcon_core.package_identification:_identify(scripts) by extensions ['ignore', 'ignore_ament_install']
[0.269s] Level 1:colcon.colcon_core.package_identification:_identify(scripts) by extension 'ignore'
[0.270s] Level 1:colcon.colcon_core.package_identification:_identify(scripts) by extension 'ignore_ament_install'
[0.270s] Level 1:colcon.colcon_core.package_identification:_identify(scripts) by extensions ['colcon_pkg']
[0.270s] Level 1:colcon.colcon_core.package_identification:_identify(scripts) by extension 'colcon_pkg'
[0.270s] Level 1:colcon.colcon_core.package_identification:_identify(scripts) by extensions ['colcon_meta']
[0.270s] Level 1:colcon.colcon_core.package_identification:_identify(scripts) by extension 'colcon_meta'
[0.270s] Level 1:colcon.colcon_core.package_identification:_identify(scripts) by extensions ['ros']
[0.270s] Level 1:colcon.colcon_core.package_identification:_identify(scripts) by extension 'ros'
[0.270s] Level 1:colcon.colcon_core.package_identification:_identify(scripts) by extensions ['cmake', 'python']
[0.270s] Level 1:colcon.colcon_core.package_identification:_identify(scripts) by extension 'cmake'
[0.270s] Level 1:colcon.colcon_core.package_identification:_identify(scripts) by extension 'python'
[0.270s] Level 1:colcon.colcon_core.package_identification:_identify(scripts) by extensions ['python_setup_py']
[0.270s] Level 1:colcon.colcon_core.package_identification:_identify(scripts) by extension 'python_setup_py'
[0.270s] Level 1:colcon.colcon_core.package_identification:_identify(scripts/__pycache__) by extensions ['ignore', 'ignore_ament_install']
[0.270s] Level 1:colcon.colcon_core.package_identification:_identify(scripts/__pycache__) by extension 'ignore'
[0.270s] Level 1:colcon.colcon_core.package_identification:_identify(scripts/__pycache__) by extension 'ignore_ament_install'
[0.270s] Level 1:colcon.colcon_core.package_identification:_identify(scripts/__pycache__) by extensions ['colcon_pkg']
[0.270s] Level 1:colcon.colcon_core.package_identification:_identify(scripts/__pycache__) by extension 'colcon_pkg'
[0.270s] Level 1:colcon.colcon_core.package_identification:_identify(scripts/__pycache__) by extensions ['colcon_meta']
[0.270s] Level 1:colcon.colcon_core.package_identification:_identify(scripts/__pycache__) by extension 'colcon_meta'
[0.271s] Level 1:colcon.colcon_core.package_identification:_identify(scripts/__pycache__) by extensions ['ros']
[0.271s] Level 1:colcon.colcon_core.package_identification:_identify(scripts/__pycache__) by extension 'ros'
[0.271s] Level 1:colcon.colcon_core.package_identification:_identify(scripts/__pycache__) by extensions ['cmake', 'python']
[0.271s] Level 1:colcon.colcon_core.package_identification:_identify(scripts/__pycache__) by extension 'cmake'
[0.271s] Level 1:colcon.colcon_core.package_identification:_identify(scripts/__pycache__) by extension 'python'
[0.271s] Level 1:colcon.colcon_core.package_identification:_identify(scripts/__pycache__) by extensions ['python_setup_py']
[0.271s] Level 1:colcon.colcon_core.package_identification:_identify(scripts/__pycache__) by extension 'python_setup_py'
[0.271s] Level 1:colcon.colcon_core.package_discovery:discover_packages(recursive) using defaults
[0.271s] Level 1:colcon.colcon_core.package_discovery:discover_packages(ignore) discover
[0.271s] Level 1:colcon.colcon_core.package_discovery:discover_packages(ignore) using defaults
[0.271s] Level 1:colcon.colcon_core.package_discovery:discover_packages(path) discover
[0.271s] Level 1:colcon.colcon_core.package_discovery:discover_packages(path) using defaults
